<html>
<body>
<pre>
<h1>µVision Build Log</h1>
<h2>Project:</h2>
C:\Keil\Labware\Lab9_FunctionalDebugging\Lab9.uvproj
Project File Date:  07/24/2017

<h2>Output:</h2>
Rebuild target 'Lab9'
assembling startup.s...
compiling main.c...
linking...
Program Size: Code=2932 RO-data=2712 RW-data=68 ZI-data=1644  
".\Lab9.axf" - 0 Error(s), 0 Warning(s).
</pre>
</body>
</html>
ab9_FunctionalDebugging\\Lab9.axf" 
Connecting: Mode=JTAG, Speed=1000000Hz
Erase Done.
Programming Done.
Verify OK.
ning(s).
Target not created
never referenced
  int main(void){  unsigned long i,j,last,now;
main.c: 3 warnings, 0 errors
linking...
Program Size: Code=2960 RO-data=2712 RW-data=68 ZI-data=1644  
".\Lab9.axf" - 0 Error(s), 3 Warning(s).
: Undefined symbol Delay (referred from main.o).
Not enough information to list image symbols.
Finished: 1 information, 0 warning and 1 error messages.
".\Lab9.axf" - 1 Error(s), 4 Warning(s).
Target not created
